// Vitest Snapshot v1, https://vitest.dev/guide/snapshot.html

exports[`should have the correct title 1`] = `"Main features"`;

exports[`should render the app 1`] = `"Main features"`;
